20:38:18 GET /api/health -> 200 (1ms)
20:38:18 GET / -> 200 (1ms)
20:38:31 GET / -> 200 (1ms)
20:38:31 GET /style.css -> 200 (2ms)
20:38:31 GET /asset_manifest.js -> 200 (2ms)
20:38:31 GET /stage_meta.js -> 200 (2ms)
20:38:31 GET /sprites_meta.js -> 200 (1ms)
20:38:31 GET /main.js -> 200 (1ms)
20:38:31 GET /api/saves -> 200 (1ms)
20:38:31 GET /assets/backgrounds/bg_title.png -> 200 (0ms)
20:40:09 POST /api/input -> 200 (8ms)
20:40:09 POST /api/save/auto -> 200 (7ms)
20:40:10 POST /api/save/auto -> 200 (4ms)
20:40:11 POST /api/advance -> 200 (2ms)
20:40:11 GET /assets/cg/cg01.png -> 304 (2ms)
20:40:12 POST /api/advance -> 200 (2ms)
20:40:12 POST /api/save/auto -> 200 (4ms)
20:40:33 POST /api/advance -> 200 (20593ms)
20:40:33 GET /api/locations -> 200 (2ms)
20:40:34 GET /assets/bgm/bgm_daily.m4a -> 206 (2ms)
20:40:34 GET /assets/bgm/bgm_daily.m4a -> 206 (1ms)
20:51:49 GET /api/health -> 200 (2ms)
20:53:59 GET /api/health -> 200 (2ms)
20:55:07 GET /api/health -> 200 (1ms)
